Run ID: 20260327_012608
Log file: /home/t/Downloads/Code/pipeline_runs_v2/20260327_012608/pipeline_v2.log
State file: /home/t/Downloads/Code/pipeline_runs_v2/20260327_012608/completed_steps.txt
To resume later: RUN_ID=20260327_012608 bash run_full_pipeline_v2.sh
Existing stage 1 outputs detected; stage 1 will auto-resume on first attempt.
PIPELINE [------------------------------] 0/5

==================================================================
[2026-03-27 01:26:08] START: V2 Stage 1: year stories (attempt 1/3)
CMD: python generate_year_stories_v2.py --resume
==================================================================
Year 2012: total_rows=6000, start_at=6000
Year 2012 already complete; skipping generation.
Year 2014: total_rows=6000, start_at=0
Year 2014: pending_rows=6000, unique_generation_jobs=2924
[------------------------------] 5/2924 ETA 762:54Traceback (most recent call last):
  File "/home/t/Downloads/Code/generate_year_stories_v2.py", line 483, in main
    iterator = map(_generate_prompt_job, unique_jobs)
                      ^^^^^^^^
  File "/usr/lib64/python3.14/concurrent/futures/_base.py", line 639, in result_iterator
    yield _result_or_cancel(fs.pop())
          ~~~~~~~~~~~~~~~~~^^^^^^^^^^
  File "/usr/lib64/python3.14/concurrent/futures/_base.py", line 311, in _result_or_cancel
    return fut.result(timeout)
           ~~~~~~~~~~^^^^^^^^^
  File "/usr/lib64/python3.14/concurrent/futures/_base.py", line 445, in result
    self._condition.wait(timeout)
    ~~~~~~~~~~~~~~~~~~~~^^^^^^^^^
  File "/usr/lib64/python3.14/threading.py", line 369, in wait
    waiter.acquire()
    ~~~~~~~~~~~~~~^^
KeyboardInterrupt

During handling of the above exception, another exception occurred:

Traceback (most recent call last):
  File "/home/t/Downloads/Code/generate_year_stories_v2.py", line 689, in <module>
    f"Quality gate failed. See {OUT_QUALITY}. Violations: {', '.join(quality.get('violations', []))}"
    
  File "/home/t/Downloads/Code/generate_year_stories_v2.py", line 480, in main
    if unique_jobs:
                 ^^
  File "/usr/lib64/python3.14/concurrent/futures/_base.py", line 667, in __exit__
    self.shutdown(wait=True)
    ~~~~~~~~~~~~~^^^^^^^^^^^
  File "/usr/lib64/python3.14/concurrent/futures/thread.py", line 273, in shutdown
    t.join()
    ~~~~~~^^
  File "/usr/lib64/python3.14/threading.py", line 1133, in join
    self._os_thread_handle.join(timeout)
    ~~~~~~~~~~~~~~~~~~~~~~~~~~~^^^^^^^^^
KeyboardInterrupt
Exception ignored on threading shutdown:
Traceback (most recent call last):
  File "/usr/lib64/python3.14/threading.py", line 1577, in _shutdown
    atexit_call()
  File "/usr/lib64/python3.14/threading.py", line 1548, in <lambda>
    _threading_atexits.append(lambda: func(*arg, **kwargs))
  File "/usr/lib64/python3.14/concurrent/futures/thread.py", line 31, in _python_exit
    t.join()
  File "/usr/lib64/python3.14/threading.py", line 1133, in join
    self._os_thread_handle.join(timeout)
KeyboardInterrupt: 
