Run ID: 20260325_230851
Log file: /home/t/Downloads/Code/pipeline_runs_v2/20260325_230851/pipeline_v2.log
State file: /home/t/Downloads/Code/pipeline_runs_v2/20260325_230851/completed_steps.txt
To resume later: RUN_ID=20260325_230851 bash run_full_pipeline_v2.sh
Existing stage 1 outputs detected; stage 1 will auto-resume on first attempt.
PIPELINE [------------------------------] 0/5

==================================================================
[2026-03-25 23:08:51] START: V2 Stage 1: year stories (attempt 1/3)
CMD: python generate_year_stories_v2.py --resume
==================================================================
Traceback (most recent call last):
  File "/home/t/Downloads/Code/generate_year_stories_v2.py", line 472, in main
    for result in iterator:
                  ^^^^^^^^
  File "/usr/lib64/python3.14/concurrent/futures/_base.py", line 639, in result_iterator
    yield _result_or_cancel(fs.pop())
          ~~~~~~~~~~~~~~~~~^^^^^^^^^^
  File "/usr/lib64/python3.14/concurrent/futures/_base.py", line 311, in _result_or_cancel
    return fut.result(timeout)
           ~~~~~~~~~~^^^^^^^^^
  File "/usr/lib64/python3.14/concurrent/futures/_base.py", line 445, in result
    self._condition.wait(timeout)
    ~~~~~~~~~~~~~~~~~~~~^^^^^^^^^
  File "/usr/lib64/python3.14/threading.py", line 369, in wait
    waiter.acquire()
    ~~~~~~~~~~~~~~^^
KeyboardInterrupt

During handling of the above exception, another exception occurred:

Traceback (most recent call last):
  File "/home/t/Downloads/Code/generate_year_stories_v2.py", line 678, in <module>
    main()
    ~~~~^^
  File "/home/t/Downloads/Code/generate_year_stories_v2.py", line 469, in main
    with concurrent.futures.ThreadPoolExecutor(max_workers=workers) as ex:
         ~~~~~~~~~~~~~~~~~~~~~~~~~~~~~~~~~~~~~^^^^^^^^^^^^^^^^^^^^^
  File "/usr/lib64/python3.14/concurrent/futures/_base.py", line 667, in __exit__
    self.shutdown(wait=True)
    ~~~~~~~~~~~~~^^^^^^^^^^^
  File "/usr/lib64/python3.14/concurrent/futures/thread.py", line 273, in shutdown
    t.join()
    ~~~~~~^^
  File "/usr/lib64/python3.14/threading.py", line 1133, in join
    self._os_thread_handle.join(timeout)
    ~~~~~~~~~~~~~~~~~~~~~~~~~~~^^^^^^^^^
KeyboardInterrupt
